// Jest Snapshot v1, https://goo.gl/fbAQLP

exports[`CheckList snapshots should render component 1`] = `
<tbody>
  <td colspan="6"></td>
</tbody>
`;
